// Vitest Snapshot v1, https://vitest.dev/guide/snapshot.html

exports[`SearchForm > renders snapshot 1`] = `
<form>
  <label
    for="search"
  >
    <strong>
       
      Search Term
       
    </strong>
    : 
  </label>
  <input
    id="search"
    type="text"
    value="React"
  />
  <p>
     
    Searching for 
    <strong>
      React
    </strong>
     
  </p>
  <button
    type="submit"
  >
    Submit
  </button>
</form>
`;
